// Jest Snapshot v1, https://goo.gl/fbAQLP

exports[`<InfoMessage /> Default InfoMessage: <span>랜덤</span> 난이도를 선택하셨습니다 1`] = `
.c0 {
  margin-bottom: 2rem;
  --tw-text-opacity: 1;
  color: rgba(107,114,128,var(--tw-text-opacity));
}

.c0 span {
  font-weight: 700;
  --tw-text-opacity: 1;
  color: rgba(0,200,150,var(--tw-text-opacity));
}

<p
  class="c0"
>
  <span>
    랜덤
  </span>
   난이도를 선택하셨습니다
</p>
`;
